#-----------------------------------------------------------
# Vivado v2016.4 (64-bit)
# SW Build 1733598 on Wed Dec 14 22:35:42 MST 2016
# IP Build 1731160 on Wed Dec 14 23:47:21 MST 2016
# Start of session at: Tue Jan 17 13:24:06 2017
# Process ID: 4086
# Current directory: /home/carson/Desktop/RAT_MCU/fab
# Command line: vivado
# Log file: /home/carson/Desktop/RAT_MCU/fab/vivado.log
# Journal file: /home/carson/Desktop/RAT_MCU/fab/vivado.jou
#-----------------------------------------------------------
start_gui
create_project RAT_MCU . -part xc7a35tcpg236-1
set_property target_language VHDL [current_project]
set_property simulator_language VHDL [current_project]
add_files -norecurse {/home/carson/Desktop/RAT_MCU/src/ProgramCounter.vhd /home/carson/Desktop/RAT_MCU/src/PC_MUX.vhd /home/carson/Desktop/RAT_MCU/src/PCWrapper.vhd}
set_property SOURCE_SET sources_1 [get_filesets sim_1]
add_files -fileset sim_1 -norecurse /home/carson/Desktop/RAT_MCU/sim/PCWrapper_tb.vhd
launch_simulation
source PCWrapperTestBench.tcl
add_files -norecurse /home/carson/Desktop/RAT_MCU/src/prog_rom.vhd
close_sim
launch_simulation
source PCWrapperTestBench.tcl
close_sim
